Archive member included to satisfy reference by file (symbol)

/Users/Jerry/MCUXpressoIDE/workspace/CMSIS_CORE_LPC17xx/Debug/libCMSIS_CORE_LPC17xx.a(system_LPC17xx.o)
                              ./src/cr_startup_lpc175x_6x.o (SystemInit)
/Applications/MCUXpressoIDE_10.1.1_606/ide/tools/bin/../lib/gcc/arm-none-eabi/6.3.1/../../../../arm-none-eabi/lib/thumb/v7-m/libcr_semihost.a(_cr__main.o)
                              ./src/cr_startup_lpc175x_6x.o (__main)
/Applications/MCUXpressoIDE_10.1.1_606/ide/tools/bin/../lib/gcc/arm-none-eabi/6.3.1/../../../../arm-none-eabi/lib/thumb/v7-m/libcr_c.a(memset.o)
                              ./src/drawTree.o (memset)
/Applications/MCUXpressoIDE_10.1.1_606/ide/tools/bin/../lib/gcc/arm-none-eabi/6.3.1/../../../../arm-none-eabi/lib/thumb/v7-m/libcr_c.a(cos.o)
                              ./src/drawTree.o (cos)
/Applications/MCUXpressoIDE_10.1.1_606/ide/tools/bin/../lib/gcc/arm-none-eabi/6.3.1/../../../../arm-none-eabi/lib/thumb/v7-m/libcr_c.a(cr_time.o)
                              ./src/drawTree.o (time)
/Applications/MCUXpressoIDE_10.1.1_606/ide/tools/bin/../lib/gcc/arm-none-eabi/6.3.1/../../../../arm-none-eabi/lib/thumb/v7-m/libcr_c.a(fpprintf.o)
                              ./src/drawTree.o (printf)
/Applications/MCUXpressoIDE_10.1.1_606/ide/tools/bin/../lib/gcc/arm-none-eabi/6.3.1/../../../../arm-none-eabi/lib/thumb/v7-m/libcr_c.a(initio.o)
                              /Applications/MCUXpressoIDE_10.1.1_606/ide/tools/bin/../lib/gcc/arm-none-eabi/6.3.1/../../../../arm-none-eabi/lib/thumb/v7-m/libcr_semihost.a(_cr__main.o) (_initio)
/Applications/MCUXpressoIDE_10.1.1_606/ide/tools/bin/../lib/gcc/arm-none-eabi/6.3.1/../../../../arm-none-eabi/lib/thumb/v7-m/libcr_c.a(printf.o)
                              /Applications/MCUXpressoIDE_10.1.1_606/ide/tools/bin/../lib/gcc/arm-none-eabi/6.3.1/../../../../arm-none-eabi/lib/thumb/v7-m/libcr_c.a(fpprintf.o) (__vfprintf)
/Applications/MCUXpressoIDE_10.1.1_606/ide/tools/bin/../lib/gcc/arm-none-eabi/6.3.1/../../../../arm-none-eabi/lib/thumb/v7-m/libcr_c.a(puts.o)
                              ./src/drawTree.o (puts)
/Applications/MCUXpressoIDE_10.1.1_606/ide/tools/bin/../lib/gcc/arm-none-eabi/6.3.1/../../../../arm-none-eabi/lib/thumb/v7-m/libcr_c.a(setvbuf.o)
                              /Applications/MCUXpressoIDE_10.1.1_606/ide/tools/bin/../lib/gcc/arm-none-eabi/6.3.1/../../../../arm-none-eabi/lib/thumb/v7-m/libcr_c.a(initio.o) (setvbuf)
/Applications/MCUXpressoIDE_10.1.1_606/ide/tools/bin/../lib/gcc/arm-none-eabi/6.3.1/../../../../arm-none-eabi/lib/thumb/v7-m/libcr_c.a(sin.o)
                              ./src/drawTree.o (sin)
/Applications/MCUXpressoIDE_10.1.1_606/ide/tools/bin/../lib/gcc/arm-none-eabi/6.3.1/../../../../arm-none-eabi/lib/thumb/v7-m/libcr_c.a(stdlib.o)
                              ./src/drawTree.o (srand)
/Applications/MCUXpressoIDE_10.1.1_606/ide/tools/bin/../lib/gcc/arm-none-eabi/6.3.1/../../../../arm-none-eabi/lib/thumb/v7-m/libcr_c.a(strlen.o)
                              /Applications/MCUXpressoIDE_10.1.1_606/ide/tools/bin/../lib/gcc/arm-none-eabi/6.3.1/../../../../arm-none-eabi/lib/thumb/v7-m/libcr_c.a(printf.o) (strlen)
/Applications/MCUXpressoIDE_10.1.1_606/ide/tools/bin/../lib/gcc/arm-none-eabi/6.3.1/../../../../arm-none-eabi/lib/thumb/v7-m/libcr_c.a(_deferredlazyseek.o)
                              /Applications/MCUXpressoIDE_10.1.1_606/ide/tools/bin/../lib/gcc/arm-none-eabi/6.3.1/../../../../arm-none-eabi/lib/thumb/v7-m/libcr_c.a(fpprintf.o) (__flsbuf)
/Applications/MCUXpressoIDE_10.1.1_606/ide/tools/bin/../lib/gcc/arm-none-eabi/6.3.1/../../../../arm-none-eabi/lib/thumb/v7-m/libcr_c.a(_fdopen.o)
                              /Applications/MCUXpressoIDE_10.1.1_606/ide/tools/bin/../lib/gcc/arm-none-eabi/6.3.1/../../../../arm-none-eabi/lib/thumb/v7-m/libcr_c.a(initio.o) (_fdopen)
/Applications/MCUXpressoIDE_10.1.1_606/ide/tools/bin/../lib/gcc/arm-none-eabi/6.3.1/../../../../arm-none-eabi/lib/thumb/v7-m/libcr_c.a(_fflush.o)
                              /Applications/MCUXpressoIDE_10.1.1_606/ide/tools/bin/../lib/gcc/arm-none-eabi/6.3.1/../../../../arm-none-eabi/lib/thumb/v7-m/libcr_c.a(_deferredlazyseek.o) (_fflush)
/Applications/MCUXpressoIDE_10.1.1_606/ide/tools/bin/../lib/gcc/arm-none-eabi/6.3.1/../../../../arm-none-eabi/lib/thumb/v7-m/libcr_c.a(_frexpl.o)
                              /Applications/MCUXpressoIDE_10.1.1_606/ide/tools/bin/../lib/gcc/arm-none-eabi/6.3.1/../../../../arm-none-eabi/lib/thumb/v7-m/libcr_c.a(fpprintf.o) (_frexpl)
/Applications/MCUXpressoIDE_10.1.1_606/ide/tools/bin/../lib/gcc/arm-none-eabi/6.3.1/../../../../arm-none-eabi/lib/thumb/v7-m/libcr_c.a(_ldexpl.o)
                              /Applications/MCUXpressoIDE_10.1.1_606/ide/tools/bin/../lib/gcc/arm-none-eabi/6.3.1/../../../../arm-none-eabi/lib/thumb/v7-m/libcr_c.a(fpprintf.o) (_ldexpl)
[...]
Memory Configuration

Name             Origin             Length             Attributes
MFlash512        0x0000000000000000 0x0000000000080000 xr
RamLoc32         0x0000000010000000 0x0000000000008000 xrw
RamAHB32         0x000000002007c000 0x0000000000008000 xrw
*default*        0x0000000000000000 0xffffffffffffffff

Linker script and memory map

LOAD ./src/cr_startup_lpc175x_6x.o
LOAD ./src/crp.o
LOAD ./src/drawTree.o
LOAD ./src/ssp.o
LOAD /Users/Jerry/MCUXpressoIDE/workspace/CMSIS_CORE_LPC17xx/Debug/libCMSIS_CORE_LPC17xx.a
START GROUP
LOAD /Applications/MCUXpressoIDE_10.1.1_606/ide/tools/bin/../lib/gcc/arm-none-eabi/6.3.1/../../../../arm-none-eabi/lib/thumb/v7-m/libcr_semihost.a
LOAD /Applications/MCUXpressoIDE_10.1.1_606/ide/tools/bin/../lib/gcc/arm-none-eabi/6.3.1/../../../../arm-none-eabi/lib/thumb/v7-m/libcr_c.a
LOAD /Applications/MCUXpressoIDE_10.1.1_606/ide/tools/bin/../lib/gcc/arm-none-eabi/6.3.1/thumb/v7-m/libcr_eabihelpers.a
END GROUP
                0x0000000000000000                __base_MFlash512 = 0x0
                0x0000000000000000                __base_Flash = 0x0
                0x0000000000080000                __top_MFlash512 = 0x80000
                0x0000000000080000                __top_Flash = 0x80000
                0x0000000010000000                __base_RamLoc32 = 0x10000000
                0x0000000010000000                __base_RAM = 0x10000000
                0x0000000010008000                __top_RamLoc32 = 0x10008000
                0x0000000010008000                __top_RAM = 0x10008000
                0x000000002007c000                __base_RamAHB32 = 0x2007c000
                0x000000002007c000                __base_RAM2 = 0x2007c000
                0x0000000020084000                __top_RamAHB32 = 0x20084000
                0x0000000020084000                __top_RAM2 = 0x20084000

.text           0x0000000000000000     0x3d44
 FILL mask 0xff
                0x0000000000000000                __vectors_start__ = ABSOLUTE (.)
 *(.isr_vector)
 .isr_vector    0x0000000000000000       0xcc ./src/cr_startup_lpc175x_6x.o
                0x0000000000000000                g_pfnVectors
                0x00000000000000cc                . = ALIGN (0x4)
                0x00000000000000cc                __section_table_start = .
                0x00000000000000cc                __data_section_table = .
                0x00000000000000cc        0x4 LONG 0x3d44 LOADADDR (.data)
                0x00000000000000d0        0x4 LONG 0x10000000 ADDR (.data)
                0x00000000000000d4        0x4 LONG 0xf0 SIZEOF (.data)
                0x00000000000000d8        0x4 LONG 0x3d44 LOADADDR (.data_RAM2)
                0x00000000000000dc        0x4 LONG 0x2007c000 ADDR (.data_RAM2)
                0x00000000000000e0        0x4 LONG 0x0 SIZEOF (.data_RAM2)
                0x00000000000000e4                __data_section_table_end = .
                0x00000000000000e4                __bss_section_table = .
                0x00000000000000e4        0x4 LONG 0x100000f0 ADDR (.bss)
                0x00000000000000e8        0x4 LONG 0x224 SIZEOF (.bss)
                0x00000000000000ec        0x4 LONG 0x2007c000 ADDR (.bss_RAM2)
                0x00000000000000f0        0x4 LONG 0x0 SIZEOF (.bss_RAM2)
                0x00000000000000f4                __bss_section_table_end = .
                0x00000000000000f4                __section_table_end = .
 *(.after_vectors*)
 .after_vectors
                0x00000000000000f4      0x12c ./src/cr_startup_lpc175x_6x.o
                0x00000000000000f4                data_init
                0x0000000000000136                bss_init
                0x000000000000016c                ResetISR
                0x00000000000001e4                NMI_Handler
                0x00000000000001ea                HardFault_Handler
                0x00000000000001f0                MemManage_Handler
                0x00000000000001f6                BusFault_Handler
                0x00000000000001fc                UsageFault_Handler
                0x0000000000000202                SVC_Handler
                0x0000000000000208                DebugMon_Handler
                0x000000000000020e                PendSV_Handler
                0x0000000000000214                SysTick_Handler
                0x000000000000021a                UART1_IRQHandler
                0x000000000000021a                EINT3_IRQHandler
                0x000000000000021a                CANActivity_IRQHandler
                0x000000000000021a                TIMER3_IRQHandler
                0x000000000000021a                UART0_IRQHandler
                0x000000000000021a                USBActivity_IRQHandler
                0x000000000000021a                TIMER2_IRQHandler
                0x000000000000021a                IntDefaultHandler
                0x000000000000021a                PLL0_IRQHandler
                0x000000000000021a                CAN_IRQHandler
                0x000000000000021a                PLL1_IRQHandler
                0x000000000000021a                I2S_IRQHandler
                0x000000000000021a                I2C2_IRQHandler
                0x000000000000021a                RTC_IRQHandler
                0x000000000000021a                TIMER0_IRQHandler
                0x000000000000021a                SPI_IRQHandler
                0x000000000000021a                EINT1_IRQHandler
                0x000000000000021a                TIMER1_IRQHandler
                0x000000000000021a                UART2_IRQHandler
                0x000000000000021a                ADC_IRQHandler
                0x000000000000021a                USB_IRQHandler
                0x000000000000021a                BOD_IRQHandler
                0x000000000000021a                I2C0_IRQHandler
                0x000000000000021a                WDT_IRQHandler
                0x000000000000021a                QEI_IRQHandler
                0x000000000000021a                EINT0_IRQHandler
                0x000000000000021a                RIT_IRQHandler
                0x000000000000021a                DMA_IRQHandler
                0x000000000000021a                UART3_IRQHandler
                0x000000000000021a                MCPWM_IRQHandler
                0x000000000000021a                ENET_IRQHandler
                0x000000000000021a                PWM1_IRQHandler
                0x000000000000021a                I2C1_IRQHandler
                0x000000000000021a                EINT2_IRQHandler
                0x00000000000002fc                . = 0x2fc
 *fill*         0x0000000000000220       0xdc ff
                0x00000000000002fc                PROVIDE (__CRP_WORD_START__, .)
 *(.crp)
 .crp           0x00000000000002fc        0x4 ./src/crp.o
                0x00000000000002fc                CRP_WORD
                0x0000000000000300                PROVIDE (__CRP_WORD_END__, .)
                0x0000000000000001                ASSERT (! ((__CRP_WORD_START__ == __CRP_WORD_END__)), Linker CRP Enabled, but no CRP_WORD provided within application)
 *(.text*)
 .text.spiwrite
                0x0000000000000300       0x40 ./src/drawTree.o
                0x0000000000000300                spiwrite
 .text.writecommand
                0x0000000000000340       0x2c ./src/drawTree.o
                0x0000000000000340                writecommand
 .text.writedata
                0x000000000000036c       0x2c ./src/drawTree.o
                0x000000000000036c                writedata
 .text.writeword
                0x0000000000000398       0x2e ./src/drawTree.o
                0x0000000000000398                writeword
 .text.write888
                0x00000000000003c6       0x4e ./src/drawTree.o
                0x00000000000003c6                write888
 .text.setAddrWindow
                0x0000000000000414       0x52 ./src/drawTree.o
                0x0000000000000414                setAddrWindow
 .text.fillrect
                0x0000000000000466       0x68 ./src/drawTree.o
                0x0000000000000466                fillrect
 .text.lcddelay
                0x00000000000004ce       0x2e ./src/drawTree.o
                0x00000000000004ce                lcddelay
 .text.lcd_init
                0x00000000000004fc       0xc4 ./src/drawTree.o
                0x00000000000004fc                lcd_init
 .text.drawPixel
                0x00000000000005c0       0x6c ./src/drawTree.o
                0x00000000000005c0                drawPixel
 .text.drawLine
                0x000000000000062c      0x18e ./src/drawTree.o
                0x000000000000062c                drawLine
 *fill*         0x00000000000007ba        0x2 ff
 .text.Rotate   0x00000000000007bc      0x3dc ./src/drawTree.o
                0x00000000000007bc                Rotate
 .text.branchPoint
                0x0000000000000b98       0xe0 ./src/drawTree.o
                0x0000000000000b98                branchPoint
 .text.drawTree
                0x0000000000000c78      0x250 ./src/drawTree.o
                0x0000000000000c78                drawTree
 .text.main     0x0000000000000ec8       0xc4 ./src/drawTree.o
                0x0000000000000ec8                main
 .text.NVIC_EnableIRQ
                0x0000000000000f8c       0x30 ./src/ssp.o
 .text.SSP0_IRQHandler
                0x0000000000000fbc       0x70 ./src/ssp.o
                0x0000000000000fbc                SSP0_IRQHandler
 .text.SSP1_IRQHandler
                0x000000000000102c       0x70 ./src/ssp.o
                0x000000000000102c                SSP1_IRQHandler
 .text.SSP_SSELToggle
                0x000000000000109c       0x68 ./src/ssp.o
                0x000000000000109c                SSP_SSELToggle
 .text.SSP0Init
                0x0000000000001104       0xc0 ./src/ssp.o
                0x0000000000001104                SSP0Init
 .text.SSPSend  0x00000000000011c4       0xa0 ./src/ssp.o
                0x00000000000011c4                SSPSend
 .text.SystemInit
                0x0000000000001264       0xdc /Users/Jerry/MCUXpressoIDE/workspace/CMSIS_CORE_LPC17xx/Debug/libCMSIS_CORE_LPC17xx.a(system_LPC17xx.o)
                0x0000000000001264                SystemInit
 .text.__main   0x0000000000001340        0xe /Applications/MCUXpressoIDE_10.1.1_606/ide/tools/bin/../lib/gcc/arm-none-eabi/6.3.1/../../../../arm-none-eabi/lib/thumb/v7-m/libcr_semihost.a(_cr__main.o)
                0x0000000000001340                __main
                0x0000000000001340                __CR_SEMIHOST
 .text.memset   0x000000000000134e        0x4 /Applications/MCUXpressoIDE_10.1.1_606/ide/tools/bin/../lib/gcc/arm-none-eabi/6.3.1/../../../../arm-none-eabi/lib/thumb/v7-m/libcr_c.a(memset.o)
                0x000000000000134e                memset
 .text.time     0x0000000000001352        0xe /Applications/MCUXpressoIDE_10.1.1_606/ide/tools/bin/../lib/gcc/arm-none-eabi/6.3.1/../../../../arm-none-eabi/lib/thumb/v7-m/libcr_c.a(cr_time.o)
                0x0000000000001352                time
 .text.fp_round
                0x0000000000001360       0x4c /Applications/MCUXpressoIDE_10.1.1_606/ide/tools/bin/../lib/gcc/arm-none-eabi/6.3.1/../../../../arm-none-eabi/lib/thumb/v7-m/libcr_c.a(fpprintf.o)
 .text.pr_dec.constprop.1
                0x00000000000013ac       0x26 /Applications/MCUXpressoIDE_10.1.1_606/ide/tools/bin/../lib/gcc/arm-none-eabi/6.3.1/../../../../arm-none-eabi/lib/thumb/v7-m/libcr_c.a(fpprintf.o)
 *fill*         0x00000000000013d2        0x2 ff
 .text.sprintf  0x00000000000013d4       0x6c /Applications/MCUXpressoIDE_10.1.1_606/ide/tools/bin/../lib/gcc/arm-none-eabi/6.3.1/../../../../arm-none-eabi/lib/thumb/v7-m/libcr_c.a(fpprintf.o)
                0x00000000000013d4                sprintf
 .text.fp_display
                0x0000000000001440      0x95c /Applications/MCUXpressoIDE_10.1.1_606/ide/tools/bin/../lib/gcc/arm-none-eabi/6.3.1/../../../../arm-none-eabi/lib/thumb/v7-m/libcr_c.a(fpprintf.o)
 .text.vsnprintf
                0x0000000000001d9c       0x5c /Applications/MCUXpressoIDE_10.1.1_606/ide/tools/bin/../lib/gcc/arm-none-eabi/6.3.1/../../../../arm-none-eabi/lib/thumb/v7-m/libcr_c.a(fpprintf.o)
                0x0000000000001d9c                vsnprintf
 .text.printf   0x0000000000001df8       0x54 /Applications/MCUXpressoIDE_10.1.1_606/ide/tools/bin/../lib/gcc/arm-none-eabi/6.3.1/../../../../arm-none-eabi/lib/thumb/v7-m/libcr_c.a(fpprintf.o)
                0x0000000000001df8                printf
 .text._initio  0x0000000000001e4c       0x78 /Applications/MCUXpressoIDE_10.1.1_606/ide/tools/bin/../lib/gcc/arm-none-eabi/6.3.1/../../../../arm-none-eabi/lib/thumb/v7-m/libcr_c.a(initio.o)
                0x0000000000001e4c                _initio
 .text.__vfprintf
                0x0000000000001ec4      0xb68 /Applications/MCUXpressoIDE_10.1.1_606/ide/tools/bin/../lib/gcc/arm-none-eabi/6.3.1/../../../../arm-none-eabi/lib/thumb/v7-m/libcr_c.a(printf.o)
                0x0000000000001ec4                __vfprintf
 .text.puts     0x0000000000002a2c       0x34 /Applications/MCUXpressoIDE_10.1.1_606/ide/tools/bin/../lib/gcc/arm-none-eabi/6.3.1/../../../../arm-none-eabi/lib/thumb/v7-m/libcr_c.a(puts.o)
                0x0000000000002a2c                puts
 .text.setvbuf  0x0000000000002a60       0x40 /Applications/MCUXpressoIDE_10.1.1_606/ide/tools/bin/../lib/gcc/arm-none-eabi/6.3.1/../../../../arm-none-eabi/lib/thumb/v7-m/libcr_c.a(setvbuf.o)
                0x0000000000002a60                setvbuf
 .text.srand    0x0000000000002aa0       0x40 /Applications/MCUXpressoIDE_10.1.1_606/ide/tools/bin/../lib/gcc/arm-none-eabi/6.3.1/../../../../arm-none-eabi/lib/thumb/v7-m/libcr_c.a(stdlib.o)
                0x0000000000002aa0                srand
 .text.abs      0x0000000000002ae0        0x8 /Applications/MCUXpressoIDE_10.1.1_606/ide/tools/bin/../lib/gcc/arm-none-eabi/6.3.1/../../../../arm-none-eabi/lib/thumb/v7-m/libcr_c.a(stdlib.o)
                0x0000000000002ae0                abs
 .text.strlen   0x0000000000002ae8       0x4a /Applications/MCUXpressoIDE_10.1.1_606/ide/tools/bin/../lib/gcc/arm-none-eabi/6.3.1/../../../../arm-none-eabi/lib/thumb/v7-m/libcr_c.a(strlen.o)
                0x0000000000002ae8                strlen
 .text._deferredlazyseek
                0x0000000000002b32       0x40 /Applications/MCUXpressoIDE_10.1.1_606/ide/tools/bin/../lib/gcc/arm-none-eabi/6.3.1/../../../../arm-none-eabi/lib/thumb/v7-m/libcr_c.a(_deferredlazyseek.o)
                0x0000000000002b32                _deferredlazyseek
 .text.__flsbuf
                0x0000000000002b72      0x148 /Applications/MCUXpressoIDE_10.1.1_606/ide/tools/bin/../lib/gcc/arm-none-eabi/6.3.1/../../../../arm-none-eabi/lib/thumb/v7-m/libcr_c.a(_deferredlazyseek.o)
                0x0000000000002b72                __flsbuf
 .text._fdopen  0x0000000000002cba       0x68 /Applications/MCUXpressoIDE_10.1.1_606/ide/tools/bin/../lib/gcc/arm-none-eabi/6.3.1/../../../../arm-none-eabi/lib/thumb/v7-m/libcr_c.a(_fdopen.o)
                0x0000000000002cba                _fdopen
 .text._fflush  0x0000000000002d22       0x54 /Applications/MCUXpressoIDE_10.1.1_606/ide/tools/bin/../lib/gcc/arm-none-eabi/6.3.1/../../../../arm-none-eabi/lib/thumb/v7-m/libcr_c.a(_fflush.o)
                0x0000000000002d22                _fflush
 .text._frexpl  0x0000000000002d76       0x58 /Applications/MCUXpressoIDE_10.1.1_606/ide/tools/bin/../lib/gcc/arm-none-eabi/6.3.1/../../../../arm-none-eabi/lib/thumb/v7-m/libcr_c.a(_frexpl.o)
                0x0000000000002d76                _frexpl
 *fill*         0x0000000000002dce        0x2 ff
 .text._ldexpl  0x0000000000002dd0       0x4c /Applications/MCUXpressoIDE_10.1.1_606/ide/tools/bin/../lib/gcc/arm-none-eabi/6.3.1/../../../../arm-none-eabi/lib/thumb/v7-m/libcr_c.a(_ldexpl.o)
                0x0000000000002dd0                _ldexpl
 .text._Cwritebuf
                0x0000000000002e1c       0x6c /Applications/MCUXpressoIDE_10.1.1_606/ide/tools/bin/../lib/gcc/arm-none-eabi/6.3.1/../../../../arm-none-eabi/lib/thumb/v7-m/libcr_c.a(_writebuf.o)
                0x0000000000002e1c                _Cwritebuf
 .text.malloc   0x0000000000002e88       0xc4 /Applications/MCUXpressoIDE_10.1.1_606/ide/tools/bin/../lib/gcc/arm-none-eabi/6.3.1/../../../../arm-none-eabi/lib/thumb/v7-m/libcr_c.a(alloc.o)
                0x0000000000002e88                malloc
 .text.free     0x0000000000002f4c       0x30 /Applications/MCUXpressoIDE_10.1.1_606/ide/tools/bin/../lib/gcc/arm-none-eabi/6.3.1/../../../../arm-none-eabi/lib/thumb/v7-m/libcr_c.a(alloc.o)
                0x0000000000002f4c                free
 .text._Csys_alloc
                0x0000000000002f7c       0x20 /Applications/MCUXpressoIDE_10.1.1_606/ide/tools/bin/../lib/gcc/arm-none-eabi/6.3.1/../../../../arm-none-eabi/lib/thumb/v7-m/libcr_c.a(alloc.o)
                0x0000000000002f7c                _Csys_alloc
 .text.fclose   0x0000000000002f9c       0x58 /Applications/MCUXpressoIDE_10.1.1_606/ide/tools/bin/../lib/gcc/arm-none-eabi/6.3.1/../../../../arm-none-eabi/lib/thumb/v7-m/libcr_c.a(fclose.o)
                0x0000000000002f9c                fclose
 .text.fflush   0x0000000000002ff4       0x44 /Applications/MCUXpressoIDE_10.1.1_606/ide/tools/bin/../lib/gcc/arm-none-eabi/6.3.1/../../../../arm-none-eabi/lib/thumb/v7-m/libcr_c.a(fflush.o)
                0x0000000000002ff4                fflush
 .text.fseek    0x0000000000003038      0x100 /Applications/MCUXpressoIDE_10.1.1_606/ide/tools/bin/../lib/gcc/arm-none-eabi/6.3.1/../../../../arm-none-eabi/lib/thumb/v7-m/libcr_c.a(fseek.o)
                0x0000000000003038                fseek
 .text.ftell    0x0000000000003138       0x48 /Applications/MCUXpressoIDE_10.1.1_606/ide/tools/bin/../lib/gcc/arm-none-eabi/6.3.1/../../../../arm-none-eabi/lib/thumb/v7-m/libcr_c.a(ftell.o)
                0x0000000000003138                ftell
 .text.remove   0x0000000000003180       0x14 /Applications/MCUXpressoIDE_10.1.1_606/ide/tools/bin/../lib/gcc/arm-none-eabi/6.3.1/../../../../arm-none-eabi/lib/thumb/v7-m/libcr_c.a(remove.o)
                0x0000000000003180                remove
 .text._sbrk    0x0000000000003194       0x3c /Applications/MCUXpressoIDE_10.1.1_606/ide/tools/bin/../lib/gcc/arm-none-eabi/6.3.1/../../../../arm-none-eabi/lib/thumb/v7-m/libcr_c.a(_cr_sbrk.o)
                0x0000000000003194                _sbrk
 .text._do_fflush
                0x00000000000031d0       0x40 /Applications/MCUXpressoIDE_10.1.1_606/ide/tools/bin/../lib/gcc/arm-none-eabi/6.3.1/../../../../arm-none-eabi/lib/thumb/v7-m/libcr_c.a(_do_fflush.o)
                0x00000000000031d0                _do_fflush
 .text.__check_heap_overflow
                0x0000000000003210       0x18 /Applications/MCUXpressoIDE_10.1.1_606/ide/tools/bin/../lib/gcc/arm-none-eabi/6.3.1/../../../../arm-none-eabi/lib/thumb/v7-m/libcr_c.a(_cr_check_heap.o)
                0x0000000000003210                __check_heap_overflow
 .text.__aeabi_dmul
                0x0000000000003228      0x10c /Applications/MCUXpressoIDE_10.1.1_606/ide/tools/bin/../lib/gcc/arm-none-eabi/6.3.1/thumb/v7-m/libcr_eabihelpers.a(double.o)
                0x0000000000003228                __aeabi_dmul
 .text.__aeabi_ddiv
                0x0000000000003334      0x134 /Applications/MCUXpressoIDE_10.1.1_606/ide/tools/bin/../lib/gcc/arm-none-eabi/6.3.1/thumb/v7-m/libcr_eabihelpers.a(double.o)
                0x0000000000003334                __aeabi_ddiv
 .text.__aeabi_dsub
                0x0000000000003468      0x1dc /Applications/MCUXpressoIDE_10.1.1_606/ide/tools/bin/../lib/gcc/arm-none-eabi/6.3.1/thumb/v7-m/libcr_eabihelpers.a(double.o)
                0x0000000000003468                __aeabi_dsub
 .text.__aeabi_dadd
                0x0000000000003644      0x10c /Applications/MCUXpressoIDE_10.1.1_606/ide/tools/bin/../lib/gcc/arm-none-eabi/6.3.1/thumb/v7-m/libcr_eabihelpers.a(double.o)
                0x0000000000003644                __aeabi_dadd
 .text.__aeabi_d2iz
                0x0000000000003750       0x40 /Applications/MCUXpressoIDE_10.1.1_606/ide/tools/bin/../lib/gcc/arm-none-eabi/6.3.1/thumb/v7-m/libcr_eabihelpers.a(double.o)
                0x0000000000003750                __aeabi_d2iz
 .text.__bhs_ui2d
                0x0000000000003790       0x46 /Applications/MCUXpressoIDE_10.1.1_606/ide/tools/bin/../lib/gcc/arm-none-eabi/6.3.1/thumb/v7-m/libcr_eabihelpers.a(double.o)
                0x0000000000003790                __bhs_ui2d
 .text.__aeabi_i2d
                0x00000000000037d6       0x12 /Applications/MCUXpressoIDE_10.1.1_606/ide/tools/bin/../lib/gcc/arm-none-eabi/6.3.1/thumb/v7-m/libcr_eabihelpers.a(double.o)
                0x00000000000037d6                __aeabi_i2d
 .text.__aeabi_dcmpeq
                0x00000000000037e8       0x2c /Applications/MCUXpressoIDE_10.1.1_606/ide/tools/bin/../lib/gcc/arm-none-eabi/6.3.1/thumb/v7-m/libcr_eabihelpers.a(double.o)
                0x00000000000037e8                __aeabi_dcmpeq
 .text.__aeabi_dcmplt
                0x0000000000003814       0x54 /Applications/MCUXpressoIDE_10.1.1_606/ide/tools/bin/../lib/gcc/arm-none-eabi/6.3.1/thumb/v7-m/libcr_eabihelpers.a(double.o)
                0x0000000000003814                __aeabi_dcmplt
 .text.__aeabi_dcmple
                0x0000000000003868       0x54 /Applications/MCUXpressoIDE_10.1.1_606/ide/tools/bin/../lib/gcc/arm-none-eabi/6.3.1/thumb/v7-m/libcr_eabihelpers.a(double.o)
                0x0000000000003868                __aeabi_dcmple
 .text.__aeabi_dcmpge
                0x00000000000038bc       0x54 /Applications/MCUXpressoIDE_10.1.1_606/ide/tools/bin/../lib/gcc/arm-none-eabi/6.3.1/thumb/v7-m/libcr_eabihelpers.a(double.o)
                0x00000000000038bc                __aeabi_dcmpge
 .text.__aeabi_fmul
                0x0000000000003910       0xb0 /Applications/MCUXpressoIDE_10.1.1_606/ide/tools/bin/../lib/gcc/arm-none-eabi/6.3.1/thumb/v7-m/libcr_eabihelpers.a(float.o)
                0x0000000000003910                __aeabi_fmul
 .text.__aeabi_fsub
                0x00000000000039c0       0xe0 /Applications/MCUXpressoIDE_10.1.1_606/ide/tools/bin/../lib/gcc/arm-none-eabi/6.3.1/thumb/v7-m/libcr_eabihelpers.a(float.o)
                0x00000000000039c0                __aeabi_fsub
 .text.__aeabi_fadd
                0x0000000000003aa0       0xac /Applications/MCUXpressoIDE_10.1.1_606/ide/tools/bin/../lib/gcc/arm-none-eabi/6.3.1/thumb/v7-m/libcr_eabihelpers.a(float.o)
                0x0000000000003aa0                __aeabi_fadd
 .text.__aeabi_f2iz
                0x0000000000003b4c       0x36 /Applications/MCUXpressoIDE_10.1.1_606/ide/tools/bin/../lib/gcc/arm-none-eabi/6.3.1/thumb/v7-m/libcr_eabihelpers.a(float.o)
                0x0000000000003b4c                __aeabi_f2iz
 .text.__bhs_ui2f
                0x0000000000003b82       0x26 /Applications/MCUXpressoIDE_10.1.1_606/ide/tools/bin/../lib/gcc/arm-none-eabi/6.3.1/thumb/v7-m/libcr_eabihelpers.a(float.o)
                0x0000000000003b82                __bhs_ui2f
 .text.__aeabi_i2f
                0x0000000000003ba8       0x12 /Applications/MCUXpressoIDE_10.1.1_606/ide/tools/bin/../lib/gcc/arm-none-eabi/6.3.1/thumb/v7-m/libcr_eabihelpers.a(float.o)
                0x0000000000003ba8                __aeabi_i2f
 .text.__aeabi_memset_lowlevel
                0x0000000000003bba       0x32 /Applications/MCUXpressoIDE_10.1.1_606/ide/tools/bin/../lib/gcc/arm-none-eabi/6.3.1/thumb/v7-m/libcr_eabihelpers.a(memcpy.o)
                0x0000000000003bba                __aeabi_lowlevel_memset
 .text.__sys_appexit
                0x0000000000003bec        0xc /Applications/MCUXpressoIDE_10.1.1_606/ide/tools/bin/../lib/gcc/arm-none-eabi/6.3.1/../../../../arm-none-eabi/lib/thumb/v7-m/libcr_semihost.a(__sys_appexit.o)
                0x0000000000003bec                __exit
                0x0000000000003bec                __sys_appexit
 .text.__sys_close
                0x0000000000003bf8        0xc /Applications/MCUXpressoIDE_10.1.1_606/ide/tools/bin/../lib/gcc/arm-none-eabi/6.3.1/../../../../arm-none-eabi/lib/thumb/v7-m/libcr_semihost.a(__sys_close.o)
                0x0000000000003bf8                __sys_close
 .text.__sys_flen
                0x0000000000003c04        0xc /Applications/MCUXpressoIDE_10.1.1_606/ide/tools/bin/../lib/gcc/arm-none-eabi/6.3.1/../../../../arm-none-eabi/lib/thumb/v7-m/libcr_semihost.a(__sys_flen.o)
                0x0000000000003c04                __sys_flen
 .text.__sys_istty
                0x0000000000003c10        0xc /Applications/MCUXpressoIDE_10.1.1_606/ide/tools/bin/../lib/gcc/arm-none-eabi/6.3.1/../../../../arm-none-eabi/lib/thumb/v7-m/libcr_semihost.a(__sys_istty.o)
                0x0000000000003c10                __sys_istty
 .text.__sys_remove
                0x0000000000003c1c        0xc /Applications/MCUXpressoIDE_10.1.1_606/ide/tools/bin/../lib/gcc/arm-none-eabi/6.3.1/../../../../arm-none-eabi/lib/thumb/v7-m/libcr_semihost.a(__sys_remove.o)
                0x0000000000003c1c                __sys_remove
 .text.__sys_seek
                0x0000000000003c28        0xc /Applications/MCUXpressoIDE_10.1.1_606/ide/tools/bin/../lib/gcc/arm-none-eabi/6.3.1/../../../../arm-none-eabi/lib/thumb/v7-m/libcr_semihost.a(__sys_seek.o)
                0x0000000000003c28                __sys_seek
 .text.__sys_time
                0x0000000000003c34        0x6 /Applications/MCUXpressoIDE_10.1.1_606/ide/tools/bin/../lib/gcc/arm-none-eabi/6.3.1/../../../../arm-none-eabi/lib/thumb/v7-m/libcr_semihost.a(__sys_time.o)
                0x0000000000003c34                __sys_time
 .text.__sys_tmpnam
                0x0000000000003c3a        0xc /Applications/MCUXpressoIDE_10.1.1_606/ide/tools/bin/../lib/gcc/arm-none-eabi/6.3.1/../../../../arm-none-eabi/lib/thumb/v7-m/libcr_semihost.a(__sys_tmpnam.o)
                0x0000000000003c3a                __sys_tmpnam
 .text.__sys_write
                0x0000000000003c46        0xc /Applications/MCUXpressoIDE_10.1.1_606/ide/tools/bin/../lib/gcc/arm-none-eabi/6.3.1/../../../../arm-none-eabi/lib/thumb/v7-m/libcr_semihost.a(__sys_write.o)
                0x0000000000003c46                __sys_write
 *(.rodata .rodata.* .constdata .constdata.*)
 *fill*         0x0000000000003c52        0x2 ff
 .rodata        0x0000000000003c54       0x5c ./src/drawTree.o
 .rodata.fp_display.str1.1
                0x0000000000003cb0       0x34 /Applications/MCUXpressoIDE_10.1.1_606/ide/tools/bin/../lib/gcc/arm-none-eabi/6.3.1/../../../../arm-none-eabi/lib/thumb/v7-m/libcr_c.a(fpprintf.o)
                                         0x35 (size before relaxing)
 .rodata._initio.str1.1
                0x0000000000003ce4        0x4 /Applications/MCUXpressoIDE_10.1.1_606/ide/tools/bin/../lib/gcc/arm-none-eabi/6.3.1/../../../../arm-none-eabi/lib/thumb/v7-m/libcr_c.a(initio.o)
 .rodata.__vfprintf.str1.1
                0x0000000000003ce8       0x31 /Applications/MCUXpressoIDE_10.1.1_606/ide/tools/bin/../lib/gcc/arm-none-eabi/6.3.1/../../../../arm-none-eabi/lib/thumb/v7-m/libcr_c.a(printf.o)
                                         0x38 (size before relaxing)
 .rodata.puts.str1.1
                0x0000000000003d19       0x31 /Applications/MCUXpressoIDE_10.1.1_606/ide/tools/bin/../lib/gcc/arm-none-eabi/6.3.1/../../../../arm-none-eabi/lib/thumb/v7-m/libcr_c.a(puts.o)
                                          0x2 (size before relaxing)
 .rodata._Csys_alloc.str1.1
                0x0000000000003d19       0x18 /Applications/MCUXpressoIDE_10.1.1_606/ide/tools/bin/../lib/gcc/arm-none-eabi/6.3.1/../../../../arm-none-eabi/lib/thumb/v7-m/libcr_c.a(alloc.o)
 *fill*         0x0000000000003d31        0x7 ff
 .rodata.__huge_vall
                0x0000000000003d38        0x8 /Applications/MCUXpressoIDE_10.1.1_606/ide/tools/bin/../lib/gcc/arm-none-eabi/6.3.1/../../../../arm-none-eabi/lib/thumb/v7-m/libcr_c.a(_hugeval.o)
                0x0000000000003d38                __huge_vall
 .rodata.__num_Ciob_streams
                0x0000000000003d40        0x4 /Applications/MCUXpressoIDE_10.1.1_606/ide/tools/bin/../lib/gcc/arm-none-eabi/6.3.1/../../../../arm-none-eabi/lib/thumb/v7-m/libcr_semihost.a(__ciob.o)
                0x0000000000003d40                __num_Ciob_streams
                0x0000000000003d44                . = ALIGN (0x4)

.glue_7         0x0000000000003d44        0x0
 .glue_7        0x0000000000003d44        0x0 linker stubs

.glue_7t        0x0000000000003d44        0x0
 .glue_7t       0x0000000000003d44        0x0 linker stubs

.vfp11_veneer   0x0000000000003d44        0x0
 .vfp11_veneer  0x0000000000003d44        0x0 linker stubs

.v4_bx          0x0000000000003d44        0x0
 .v4_bx         0x0000000000003d44        0x0 linker stubs

.iplt           0x0000000000003d44        0x0
 .iplt          0x0000000000003d44        0x0 ./src/cr_startup_lpc175x_6x.o

.rel.dyn        0x0000000000003d44        0x0
 .rel.iplt      0x0000000000003d44        0x0 ./src/cr_startup_lpc175x_6x.o

.ARM.extab
 *(.ARM.extab* .gnu.linkonce.armextab.*)
                0x0000000000003d44                __exidx_start = .

.ARM.exidx
 *(.ARM.exidx* .gnu.linkonce.armexidx.*)
                0x0000000000003d44                __exidx_end = .
                0x0000000000003d44                _etext = .

.data_RAM2      0x000000002007c000        0x0 load address 0x0000000000003d44
 FILL mask 0xff
                [!provide]                        PROVIDE (__start_data_RAM2, .)
 *(.ramfunc.$RAM2)
 *(.ramfunc.$RamAHB32)
 *(.data.$RAM2*)
 *(.data.$RamAHB32*)
                0x000000002007c000                . = ALIGN (0x4)
                [!provide]                        PROVIDE (__end_data_RAM2, .)

.uninit_RESERVED
                0x0000000010000000        0x0
 *(.bss.$RESERVED*)
                0x0000000010000000                . = ALIGN (0x4)
                0x0000000010000000                _end_uninit_RESERVED = .

.data           0x0000000010000000       0xf0 load address 0x0000000000003d44
 FILL mask 0xff
                0x0000000010000000                _data = .
 *(vtable)
 *(.ramfunc*)
 *(.data*)
 .data._height  0x0000000010000000        0x4 ./src/drawTree.o
                0x0000000010000000                _height
 .data._width   0x0000000010000004        0x4 ./src/drawTree.o
                0x0000000010000004                _width
 .data.lambda   0x0000000010000008        0x4 ./src/drawTree.o
                0x0000000010000008                lambda
 .data._random_j
                0x000000001000000c        0x4 /Applications/MCUXpressoIDE_10.1.1_606/ide/tools/bin/../lib/gcc/arm-none-eabi/6.3.1/../../../../arm-none-eabi/lib/thumb/v7-m/libcr_c.a(stdlib.o)
 .data._random_k
                0x0000000010000010        0x4 /Applications/MCUXpressoIDE_10.1.1_606/ide/tools/bin/../lib/gcc/arm-none-eabi/6.3.1/../../../../arm-none-eabi/lib/thumb/v7-m/libcr_c.a(stdlib.o)
 .data._random_number_seed
                0x0000000010000014       0xdc /Applications/MCUXpressoIDE_10.1.1_606/ide/tools/bin/../lib/gcc/arm-none-eabi/6.3.1/../../../../arm-none-eabi/lib/thumb/v7-m/libcr_c.a(stdlib.o)
                0x00000000100000f0                . = ALIGN (0x4)
                0x00000000100000f0                _edata = .

.igot.plt       0x00000000100000f0        0x0 load address 0x0000000000003e34
 .igot.plt      0x00000000100000f0        0x0 ./src/cr_startup_lpc175x_6x.o

.bss_RAM2       0x000000002007c000        0x0
                [!provide]                        PROVIDE (__start_bss_RAM2, .)
 *(.bss.$RAM2*)
 *(.bss.$RamAHB32*)
                0x000000002007c000                . = ALIGN ((. != 0x0)?0x4:0x1)
                [!provide]                        PROVIDE (__end_bss_RAM2, .)

.bss            0x00000000100000f0      0x224
                0x00000000100000f0                _bss = .
 *(.bss*)
 .bss.src_addr  0x00000000100000f0       0x10 ./src/drawTree.o
                0x00000000100000f0                src_addr
 .bss.dest_addr
                0x0000000010000100       0x10 ./src/drawTree.o
                0x0000000010000100                dest_addr
 .bss.interrupt0RxStat
                0x0000000010000110        0x4 ./src/ssp.o
                0x0000000010000110                interrupt0RxStat
 .bss.interrupt0OverRunStat
                0x0000000010000114        0x4 ./src/ssp.o
                0x0000000010000114                interrupt0OverRunStat
 .bss.interrupt0RxTimeoutStat
                0x0000000010000118        0x4 ./src/ssp.o
                0x0000000010000118                interrupt0RxTimeoutStat
 .bss.interrupt1RxStat
                0x000000001000011c        0x4 ./src/ssp.o
                0x000000001000011c                interrupt1RxStat
 .bss.interrupt1OverRunStat
                0x0000000010000120        0x4 ./src/ssp.o
                0x0000000010000120                interrupt1OverRunStat
 .bss.interrupt1RxTimeoutStat
                0x0000000010000124        0x4 ./src/ssp.o
                0x0000000010000124                interrupt1RxTimeoutStat
 .bss.errno     0x0000000010000128        0x4 /Applications/MCUXpressoIDE_10.1.1_606/ide/tools/bin/../lib/gcc/arm-none-eabi/6.3.1/../../../../arm-none-eabi/lib/thumb/v7-m/libcr_c.a(errno.o)
                0x0000000010000128                errno
 .bss.__end_of_heap
                0x000000001000012c        0x4 /Applications/MCUXpressoIDE_10.1.1_606/ide/tools/bin/../lib/gcc/arm-none-eabi/6.3.1/../../../../arm-none-eabi/lib/thumb/v7-m/libcr_c.a(__init_alloc.o)
                0x000000001000012c                __end_of_heap
 .bss.__heaps   0x0000000010000130        0x4 /Applications/MCUXpressoIDE_10.1.1_606/ide/tools/bin/../lib/gcc/arm-none-eabi/6.3.1/../../../../arm-none-eabi/lib/thumb/v7-m/libcr_c.a(__init_alloc.o)
                0x0000000010000130                __heaps
 .bss.__Ciob    0x0000000010000134      0x1e0 /Applications/MCUXpressoIDE_10.1.1_606/ide/tools/bin/../lib/gcc/arm-none-eabi/6.3.1/../../../../arm-none-eabi/lib/thumb/v7-m/libcr_semihost.a(__ciob.o)
                0x0000000010000134                __Ciob
 *(COMMON)
                0x0000000010000314                . = ALIGN (0x4)
                0x0000000010000314                _ebss = .
                [!provide]                        PROVIDE (end, .)

.noinit_RAM2    0x000000002007c000        0x0
 *(.noinit.$RAM2*)
 *(.noinit.$RamAHB32*)
                0x000000002007c000                . = ALIGN (0x4)

.noinit         0x0000000010000314        0x0
                0x0000000010000314                _noinit = .
 *(.noinit*)
                0x0000000010000314                . = ALIGN (0x4)
                0x0000000010000314                _end_noinit = .
                0x0000000010000314                PROVIDE (_pvHeapStart, DEFINED (__user_heap_base)?__user_heap_base:.)
                0x0000000010008000                PROVIDE (_vStackTop, DEFINED (__user_stack_top)?__user_stack_top:(__top_RamLoc32 - 0x0))
                0xffffffffefff74de                PROVIDE (__valid_user_code_checksum, (0x0 - ((((((_vStackTop + (ResetISR + 0x1)) + (NMI_Handler + 0x1)) + (HardFault_Handler + 0x1)) + (DEFINED (MemManage_Handler)?MemManage_Handler:0x0 + 0x1)) + (DEFINED (BusFault_Handler)?BusFault_Handler:0x0 + 0x1)) + (DEFINED (UsageFault_Handler)?UsageFault_Handler:0x0 + 0x1))))
                0x0000000000000000                _image_start = LOADADDR (.text)
                0x0000000000003e34                _image_end = (LOADADDR (.data) + SIZEOF (.data))
                0x0000000000003e34                _image_size = (_image_end - _image_start)
OUTPUT(DrawLine.axf elf32-littlearm)

.debug_info     0x0000000000000000     0x1e03
 .debug_info    0x0000000000000000      0x25c ./src/cr_startup_lpc175x_6x.o
 .debug_info    0x000000000000025c       0x3f ./src/crp.o
 .debug_info    0x000000000000029b      0xb9e ./src/drawTree.o
 .debug_info    0x0000000000000e39      0xc76 ./src/ssp.o
 .debug_info    0x0000000000001aaf      0x354 /Users/Jerry/MCUXpressoIDE/workspace/CMSIS_CORE_LPC17xx/Debug/libCMSIS_CORE_LPC17xx.a(system_LPC17xx.o)

.debug_abbrev   0x0000000000000000      0x71f
 .debug_abbrev  0x0000000000000000      0x114 ./src/cr_startup_lpc175x_6x.o
 .debug_abbrev  0x0000000000000114       0x36 ./src/crp.o
 .debug_abbrev  0x000000000000014a      0x242 ./src/drawTree.o
 .debug_abbrev  0x000000000000038c      0x28b ./src/ssp.o
 .debug_abbrev  0x0000000000000617      0x108 /Users/Jerry/MCUXpressoIDE/workspace/CMSIS_CORE_LPC17xx/Debug/libCMSIS_CORE_LPC17xx.a(system_LPC17xx.o)

.debug_aranges  0x0000000000000000      0x1b8
 .debug_aranges
                0x0000000000000000       0x80 ./src/cr_startup_lpc175x_6x.o
 .debug_aranges
                0x0000000000000080       0x18 ./src/crp.o
 .debug_aranges
                0x0000000000000098       0x98 ./src/drawTree.o
 .debug_aranges
                0x0000000000000130       0x60 ./src/ssp.o
 .debug_aranges
                0x0000000000000190       0x28 /Users/Jerry/MCUXpressoIDE/workspace/CMSIS_CORE_LPC17xx/Debug/libCMSIS_CORE_LPC17xx.a(system_LPC17xx.o)

.debug_ranges   0x0000000000000000      0x160
 .debug_ranges  0x0000000000000000       0x70 ./src/cr_startup_lpc175x_6x.o
 .debug_ranges  0x0000000000000070       0x88 ./src/drawTree.o
 .debug_ranges  0x00000000000000f8       0x50 ./src/ssp.o
 .debug_ranges  0x0000000000000148       0x18 /Users/Jerry/MCUXpressoIDE/workspace/CMSIS_CORE_LPC17xx/Debug/libCMSIS_CORE_LPC17xx.a(system_LPC17xx.o)

.debug_macro    0x0000000000000000     0x2e55
 .debug_macro   0x0000000000000000       0x1d ./src/cr_startup_lpc175x_6x.o
 .debug_macro   0x000000000000001d      0x8c8 ./src/cr_startup_lpc175x_6x.o
 .debug_macro   0x00000000000008e5       0x1a ./src/crp.o
 .debug_macro   0x00000000000008ff       0x34 ./src/crp.o
 .debug_macro   0x0000000000000933      0x170 ./src/drawTree.o
 .debug_macro   0x0000000000000aa3       0x82 ./src/drawTree.o
 .debug_macro   0x0000000000000b25       0x1c ./src/drawTree.o
 .debug_macro   0x0000000000000b41       0x3a ./src/drawTree.o
 .debug_macro   0x0000000000000b7b       0x10 ./src/drawTree.o
 .debug_macro   0x0000000000000b8b      0x12d ./src/drawTree.o
 .debug_macro   0x0000000000000cb8      0x5b2 ./src/drawTree.o
 .debug_macro   0x000000000000126a       0x2d ./src/drawTree.o
 .debug_macro   0x0000000000001297      0xbb1 ./src/drawTree.o
 .debug_macro   0x0000000000001e48      0x2c7 ./src/drawTree.o
 .debug_macro   0x000000000000210f      0x118 ./src/drawTree.o
 .debug_macro   0x0000000000002227       0x28 ./src/drawTree.o
 .debug_macro   0x000000000000224f       0x9a ./src/drawTree.o
 .debug_macro   0x00000000000022e9       0x22 ./src/drawTree.o
 .debug_macro   0x000000000000230b       0xc4 ./src/drawTree.o
 .debug_macro   0x00000000000023cf       0x10 ./src/drawTree.o
 .debug_macro   0x00000000000023df       0x81 ./src/ssp.o
 .debug_macro   0x0000000000002460      0x12d /Users/Jerry/MCUXpressoIDE/workspace/CMSIS_CORE_LPC17xx/Debug/libCMSIS_CORE_LPC17xx.a(system_LPC17xx.o)
 .debug_macro   0x000000000000258d      0x8c8 /Users/Jerry/MCUXpressoIDE/workspace/CMSIS_CORE_LPC17xx/Debug/libCMSIS_CORE_LPC17xx.a(system_LPC17xx.o)

.debug_line     0x0000000000000000      0xb80
 .debug_line    0x0000000000000000       0xd3 ./src/cr_startup_lpc175x_6x.o
 .debug_line    0x00000000000000d3       0x7c ./src/crp.o
 .debug_line    0x000000000000014f      0x508 ./src/drawTree.o
 .debug_line    0x0000000000000657      0x309 ./src/ssp.o
 .debug_line    0x0000000000000960      0x220 /Users/Jerry/MCUXpressoIDE/workspace/CMSIS_CORE_LPC17xx/Debug/libCMSIS_CORE_LPC17xx.a(system_LPC17xx.o)

.debug_str      0x0000000000000000     0xb61b
 .debug_str     0x0000000000000000     0x2753 ./src/cr_startup_lpc175x_6x.o
                                       0x2766 (size before relaxing)
 .debug_str     0x0000000000002753       0xe9 ./src/crp.o
                                       0x266a (size before relaxing)
 .debug_str     0x000000000000283c     0x843d ./src/drawTree.o
                                       0xab6a (size before relaxing)
 .debug_str     0x000000000000ac79      0x5b4 ./src/ssp.o
                                       0x9ff8 (size before relaxing)
 .debug_str     0x000000000000b22d      0x3ee /Users/Jerry/MCUXpressoIDE/workspace/CMSIS_CORE_LPC17xx/Debug/libCMSIS_CORE_LPC17xx.a(system_LPC17xx.o)
                                       0x99eb (size before relaxing)

.comment        0x0000000000000000       0x7f
 .comment       0x0000000000000000       0x7f ./src/cr_startup_lpc175x_6x.o
                                         0x80 (size before relaxing)
 .comment       0x000000000000007f       0x80 ./src/crp.o
 .comment       0x000000000000007f       0x80 ./src/drawTree.o
 .comment       0x000000000000007f       0x80 ./src/ssp.o
 .comment       0x000000000000007f       0x80 /Users/Jerry/MCUXpressoIDE/workspace/CMSIS_CORE_LPC17xx/Debug/libCMSIS_CORE_LPC17xx.a(system_LPC17xx.o)
 .comment       0x000000000000007f       0x80 /Applications/MCUXpressoIDE_10.1.1_606/ide/tools/bin/../lib/gcc/arm-none-eabi/6.3.1/../../../../arm-none-eabi/lib/thumb/v7-m/libcr_semihost.a(_cr__main.o)
 .comment       0x000000000000007f       0x80 /Applications/MCUXpressoIDE_10.1.1_606/ide/tools/bin/../lib/gcc/arm-none-eabi/6.3.1/../../../../arm-none-eabi/lib/thumb/v7-m/libcr_c.a(memset.o)
 .comment       0x000000000000007f       0x80 /Applications/MCUXpressoIDE_10.1.1_606/ide/tools/bin/../lib/gcc/arm-none-eabi/6.3.1/../../../../arm-none-eabi/lib/thumb/v7-m/libcr_c.a(cr_time.o)
 .comment       0x000000000000007f       0x80 /Applications/MCUXpressoIDE_10.1.1_606/ide/tools/bin/../lib/gcc/arm-none-eabi/6.3.1/../../../../arm-none-eabi/lib/thumb/v7-m/libcr_c.a(fpprintf.o)
 .comment       0x000000000000007f       0x80 /Applications/MCUXpressoIDE_10.1.1_606/ide/tools/bin/../lib/gcc/arm-none-eabi/6.3.1/../../../../arm-none-eabi/lib/thumb/v7-m/libcr_c.a(initio.o)
 .comment       0x000000000000007f       0x80 /Applications/MCUXpressoIDE_10.1.1_606/ide/tools/bin/../lib/gcc/arm-none-eabi/6.3.1/../../../../arm-none-eabi/lib/thumb/v7-m/libcr_c.a(printf.o)
 .comment       0x000000000000007f       0x80 /Applications/MCUXpressoIDE_10.1.1_606/ide/tools/bin/../lib/gcc/arm-none-eabi/6.3.1/../../../../arm-none-eabi/lib/thumb/v7-m/libcr_c.a(puts.o)
 .comment       0x000000000000007f       0x80 /Applications/MCUXpressoIDE_10.1.1_606/ide/tools/bin/../lib/gcc/arm-none-eabi/6.3.1/../../../../arm-none-eabi/lib/thumb/v7-m/libcr_c.a(setvbuf.o)
 .comment       0x000000000000007f       0x80 /Applications/MCUXpressoIDE_10.1.1_606/ide/tools/bin/../lib/gcc/arm-none-eabi/6.3.1/../../../../arm-none-eabi/lib/thumb/v7-m/libcr_c.a(stdlib.o)
 .comment       0x000000000000007f       0x80 /Applications/MCUXpressoIDE_10.1.1_606/ide/tools/bin/../lib/gcc/arm-none-eabi/6.3.1/../../../../arm-none-eabi/lib/thumb/v7-m/libcr_c.a(strlen.o)
 .comment       0x000000000000007f       0x80 /Applications/MCUXpressoIDE_10.1.1_606/ide/tools/bin/../lib/gcc/arm-none-eabi/6.3.1/../../../../arm-none-eabi/lib/thumb/v7-m/libcr_c.a(_deferredlazyseek.o)
 .comment       0x000000000000007f       0x80 /Applications/MCUXpressoIDE_10.1.1_606/ide/tools/bin/../lib/gcc/arm-none-eabi/6.3.1/../../../../arm-none-eabi/lib/thumb/v7-m/libcr_c.a(_fdopen.o)
 .comment       0x000000000000007f       0x80 /Applications/MCUXpressoIDE_10.1.1_606/ide/tools/bin/../lib/gcc/arm-none-eabi/6.3.1/../../../../arm-none-eabi/lib/thumb/v7-m/libcr_c.a(_fflush.o)
 .comment       0x000000000000007f       0x80 /Applications/MCUXpressoIDE_10.1.1_606/ide/tools/bin/../lib/gcc/arm-none-eabi/6.3.1/../../../../arm-none-eabi/lib/thumb/v7-m/libcr_c.a(_frexpl.o)
 .comment       0x000000000000007f       0x80 /Applications/MCUXpressoIDE_10.1.1_606/ide/tools/bin/../lib/gcc/arm-none-eabi/6.3.1/../../../../arm-none-eabi/lib/thumb/v7-m/libcr_c.a(_ldexpl.o)
 .comment       0x000000000000007f       0x80 /Applications/MCUXpressoIDE_10.1.1_606/ide/tools/bin/../lib/gcc/arm-none-eabi/6.3.1/../../../../arm-none-eabi/lib/thumb/v7-m/libcr_c.a(_writebuf.o)
 .comment       0x000000000000007f       0x80 /Applications/MCUXpressoIDE_10.1.1_606/ide/tools/bin/../lib/gcc/arm-none-eabi/6.3.1/../../../../arm-none-eabi/lib/thumb/v7-m/libcr_c.a(alloc.o)
 .comment       0x000000000000007f       0x80 /Applications/MCUXpressoIDE_10.1.1_606/ide/tools/bin/../lib/gcc/arm-none-eabi/6.3.1/../../../../arm-none-eabi/lib/thumb/v7-m/libcr_c.a(errno.o)
 .comment       0x000000000000007f       0x80 /Applications/MCUXpressoIDE_10.1.1_606/ide/tools/bin/../lib/gcc/arm-none-eabi/6.3.1/../../../../arm-none-eabi/lib/thumb/v7-m/libcr_c.a(fclose.o)
 .comment       0x000000000000007f       0x80 /Applications/MCUXpressoIDE_10.1.1_606/ide/tools/bin/../lib/gcc/arm-none-eabi/6.3.1/../../../../arm-none-eabi/lib/thumb/v7-m/libcr_c.a(fflush.o)
 .comment       0x000000000000007f       0x80 /Applications/MCUXpressoIDE_10.1.1_606/ide/tools/bin/../lib/gcc/arm-none-eabi/6.3.1/../../../../arm-none-eabi/lib/thumb/v7-m/libcr_c.a(fseek.o)
 .comment       0x000000000000007f       0x80 /Applications/MCUXpressoIDE_10.1.1_606/ide/tools/bin/../lib/gcc/arm-none-eabi/6.3.1/../../../../arm-none-eabi/lib/thumb/v7-m/libcr_c.a(ftell.o)
 .comment       0x000000000000007f       0x80 /Applications/MCUXpressoIDE_10.1.1_606/ide/tools/bin/../lib/gcc/arm-none-eabi/6.3.1/../../../../arm-none-eabi/lib/thumb/v7-m/libcr_c.a(remove.o)
 .comment       0x000000000000007f       0x80 /Applications/MCUXpressoIDE_10.1.1_606/ide/tools/bin/../lib/gcc/arm-none-eabi/6.3.1/../../../../arm-none-eabi/lib/thumb/v7-m/libcr_c.a(__init_alloc.o)
 .comment       0x000000000000007f       0x80 /Applications/MCUXpressoIDE_10.1.1_606/ide/tools/bin/../lib/gcc/arm-none-eabi/6.3.1/../../../../arm-none-eabi/lib/thumb/v7-m/libcr_c.a(_cr_sbrk.o)
 .comment       0x000000000000007f       0x80 /Applications/MCUXpressoIDE_10.1.1_606/ide/tools/bin/../lib/gcc/arm-none-eabi/6.3.1/../../../../arm-none-eabi/lib/thumb/v7-m/libcr_c.a(_do_fflush.o)
 .comment       0x000000000000007f       0x80 /Applications/MCUXpressoIDE_10.1.1_606/ide/tools/bin/../lib/gcc/arm-none-eabi/6.3.1/../../../../arm-none-eabi/lib/thumb/v7-m/libcr_c.a(_hugeval.o)
 .comment       0x000000000000007f       0x80 /Applications/MCUXpressoIDE_10.1.1_606/ide/tools/bin/../lib/gcc/arm-none-eabi/6.3.1/../../../../arm-none-eabi/lib/thumb/v7-m/libcr_c.a(_cr_check_heap.o)
 .comment       0x000000000000007f       0x80 /Applications/MCUXpressoIDE_10.1.1_606/ide/tools/bin/../lib/gcc/arm-none-eabi/6.3.1/thumb/v7-m/libcr_eabihelpers.a(double.o)
 .comment       0x000000000000007f       0x80 /Applications/MCUXpressoIDE_10.1.1_606/ide/tools/bin/../lib/gcc/arm-none-eabi/6.3.1/thumb/v7-m/libcr_eabihelpers.a(float.o)
 .comment       0x000000000000007f       0x80 /Applications/MCUXpressoIDE_10.1.1_606/ide/tools/bin/../lib/gcc/arm-none-eabi/6.3.1/../../../../arm-none-eabi/lib/thumb/v7-m/libcr_semihost.a(__ciob.o)

.ARM.attributes
                0x0000000000000000       0x31
 .ARM.attributes
                0x0000000000000000       0x33 ./src/cr_startup_lpc175x_6x.o
 .ARM.attributes
                0x0000000000000033       0x33 ./src/crp.o
 .ARM.attributes
                0x0000000000000066       0x33 ./src/drawTree.o
 .ARM.attributes
                0x0000000000000099       0x33 ./src/ssp.o
 .ARM.attributes
                0x00000000000000cc       0x33 /Users/Jerry/MCUXpressoIDE/workspace/CMSIS_CORE_LPC17xx/Debug/libCMSIS_CORE_LPC17xx.a(system_LPC17xx.o)
 .ARM.attributes
                0x00000000000000ff       0x33 /Applications/MCUXpressoIDE_10.1.1_606/ide/tools/bin/../lib/gcc/arm-none-eabi/6.3.1/../../../../arm-none-eabi/lib/thumb/v7-m/libcr_semihost.a(_cr__main.o)
 .ARM.attributes
                0x0000000000000132       0x33 /Applications/MCUXpressoIDE_10.1.1_606/ide/tools/bin/../lib/gcc/arm-none-eabi/6.3.1/../../../../arm-none-eabi/lib/thumb/v7-m/libcr_c.a(memset.o)
 .ARM.attributes
                0x0000000000000165       0x33 /Applications/MCUXpressoIDE_10.1.1_606/ide/tools/bin/../lib/gcc/arm-none-eabi/6.3.1/../../../../arm-none-eabi/lib/thumb/v7-m/libcr_c.a(cr_time.o)
 .ARM.attributes
                0x0000000000000198       0x33 /Applications/MCUXpressoIDE_10.1.1_606/ide/tools/bin/../lib/gcc/arm-none-eabi/6.3.1/../../../../arm-none-eabi/lib/thumb/v7-m/libcr_c.a(fpprintf.o)
 .ARM.attributes
                0x00000000000001cb       0x33 /Applications/MCUXpressoIDE_10.1.1_606/ide/tools/bin/../lib/gcc/arm-none-eabi/6.3.1/../../../../arm-none-eabi/lib/thumb/v7-m/libcr_c.a(initio.o)
 .ARM.attributes
                0x00000000000001fe       0x33 /Applications/MCUXpressoIDE_10.1.1_606/ide/tools/bin/../lib/gcc/arm-none-eabi/6.3.1/../../../../arm-none-eabi/lib/thumb/v7-m/libcr_c.a(printf.o)
 .ARM.attributes
                0x0000000000000231       0x33 /Applications/MCUXpressoIDE_10.1.1_606/ide/tools/bin/../lib/gcc/arm-none-eabi/6.3.1/../../../../arm-none-eabi/lib/thumb/v7-m/libcr_c.a(puts.o)
 .ARM.attributes
                0x0000000000000264       0x33 /Applications/MCUXpressoIDE_10.1.1_606/ide/tools/bin/../lib/gcc/arm-none-eabi/6.3.1/../../../../arm-none-eabi/lib/thumb/v7-m/libcr_c.a(setvbuf.o)
 .ARM.attributes
                0x0000000000000297       0x33 /Applications/MCUXpressoIDE_10.1.1_606/ide/tools/bin/../lib/gcc/arm-none-eabi/6.3.1/../../../../arm-none-eabi/lib/thumb/v7-m/libcr_c.a(stdlib.o)
 .ARM.attributes
                0x00000000000002ca       0x33 /Applications/MCUXpressoIDE_10.1.1_606/ide/tools/bin/../lib/gcc/arm-none-eabi/6.3.1/../../../../arm-none-eabi/lib/thumb/v7-m/libcr_c.a(strlen.o)
 .ARM.attributes
                0x00000000000002fd       0x33 /Applications/MCUXpressoIDE_10.1.1_606/ide/tools/bin/../lib/gcc/arm-none-eabi/6.3.1/../../../../arm-none-eabi/lib/thumb/v7-m/libcr_c.a(_deferredlazyseek.o)
 .ARM.attributes
                0x0000000000000330       0x33 /Applications/MCUXpressoIDE_10.1.1_606/ide/tools/bin/../lib/gcc/arm-none-eabi/6.3.1/../../../../arm-none-eabi/lib/thumb/v7-m/libcr_c.a(_fdopen.o)
 .ARM.attributes
                0x0000000000000363       0x33 /Applications/MCUXpressoIDE_10.1.1_606/ide/tools/bin/../lib/gcc/arm-none-eabi/6.3.1/../../../../arm-none-eabi/lib/thumb/v7-m/libcr_c.a(_fflush.o)
 .ARM.attributes
                0x0000000000000396       0x33 /Applications/MCUXpressoIDE_10.1.1_606/ide/tools/bin/../lib/gcc/arm-none-eabi/6.3.1/../../../../arm-none-eabi/lib/thumb/v7-m/libcr_c.a(_frexpl.o)
 .ARM.attributes
                0x00000000000003c9       0x33 /Applications/MCUXpressoIDE_10.1.1_606/ide/tools/bin/../lib/gcc/arm-none-eabi/6.3.1/../../../../arm-none-eabi/lib/thumb/v7-m/libcr_c.a(_ldexpl.o)
 .ARM.attributes
                0x00000000000003fc       0x33 /Applications/MCUXpressoIDE_10.1.1_606/ide/tools/bin/../lib/gcc/arm-none-eabi/6.3.1/../../../../arm-none-eabi/lib/thumb/v7-m/libcr_c.a(_writebuf.o)
 .ARM.attributes
                0x000000000000042f       0x33 /Applications/MCUXpressoIDE_10.1.1_606/ide/tools/bin/../lib/gcc/arm-none-eabi/6.3.1/../../../../arm-none-eabi/lib/thumb/v7-m/libcr_c.a(alloc.o)
 .ARM.attributes
                0x0000000000000462       0x33 /Applications/MCUXpressoIDE_10.1.1_606/ide/tools/bin/../lib/gcc/arm-none-eabi/6.3.1/../../../../arm-none-eabi/lib/thumb/v7-m/libcr_c.a(errno.o)
 .ARM.attributes
                0x0000000000000495       0x33 /Applications/MCUXpressoIDE_10.1.1_606/ide/tools/bin/../lib/gcc/arm-none-eabi/6.3.1/../../../../arm-none-eabi/lib/thumb/v7-m/libcr_c.a(fclose.o)
 .ARM.attributes
                0x00000000000004c8       0x33 /Applications/MCUXpressoIDE_10.1.1_606/ide/tools/bin/../lib/gcc/arm-none-eabi/6.3.1/../../../../arm-none-eabi/lib/thumb/v7-m/libcr_c.a(fflush.o)
 .ARM.attributes
                0x00000000000004fb       0x33 /Applications/MCUXpressoIDE_10.1.1_606/ide/tools/bin/../lib/gcc/arm-none-eabi/6.3.1/../../../../arm-none-eabi/lib/thumb/v7-m/libcr_c.a(fseek.o)
 .ARM.attributes
                0x000000000000052e       0x33 /Applications/MCUXpressoIDE_10.1.1_606/ide/tools/bin/../lib/gcc/arm-none-eabi/6.3.1/../../../../arm-none-eabi/lib/thumb/v7-m/libcr_c.a(ftell.o)
 .ARM.attributes
                0x0000000000000561       0x33 /Applications/MCUXpressoIDE_10.1.1_606/ide/tools/bin/../lib/gcc/arm-none-eabi/6.3.1/../../../../arm-none-eabi/lib/thumb/v7-m/libcr_c.a(remove.o)
 .ARM.attributes
                0x0000000000000594       0x33 /Applications/MCUXpressoIDE_10.1.1_606/ide/tools/bin/../lib/gcc/arm-none-eabi/6.3.1/../../../../arm-none-eabi/lib/thumb/v7-m/libcr_c.a(__init_alloc.o)
 .ARM.attributes
                0x00000000000005c7       0x33 /Applications/MCUXpressoIDE_10.1.1_606/ide/tools/bin/../lib/gcc/arm-none-eabi/6.3.1/../../../../arm-none-eabi/lib/thumb/v7-m/libcr_c.a(_cr_sbrk.o)
 .ARM.attributes
                0x00000000000005fa       0x33 /Applications/MCUXpressoIDE_10.1.1_606/ide/tools/bin/../lib/gcc/arm-none-eabi/6.3.1/../../../../arm-none-eabi/lib/thumb/v7-m/libcr_c.a(_do_fflush.o)
 .ARM.attributes
                0x000000000000062d       0x33 /Applications/MCUXpressoIDE_10.1.1_606/ide/tools/bin/../lib/gcc/arm-none-eabi/6.3.1/../../../../arm-none-eabi/lib/thumb/v7-m/libcr_c.a(_hugeval.o)
 .ARM.attributes
                0x0000000000000660       0x33 /Applications/MCUXpressoIDE_10.1.1_606/ide/tools/bin/../lib/gcc/arm-none-eabi/6.3.1/../../../../arm-none-eabi/lib/thumb/v7-m/libcr_c.a(_cr_check_heap.o)
 .ARM.attributes
                0x0000000000000693       0x33 /Applications/MCUXpressoIDE_10.1.1_606/ide/tools/bin/../lib/gcc/arm-none-eabi/6.3.1/thumb/v7-m/libcr_eabihelpers.a(double.o)
 .ARM.attributes
                0x00000000000006c6       0x33 /Applications/MCUXpressoIDE_10.1.1_606/ide/tools/bin/../lib/gcc/arm-none-eabi/6.3.1/thumb/v7-m/libcr_eabihelpers.a(float.o)
 .ARM.attributes
                0x00000000000006f9       0x21 /Applications/MCUXpressoIDE_10.1.1_606/ide/tools/bin/../lib/gcc/arm-none-eabi/6.3.1/thumb/v7-m/libcr_eabihelpers.a(memcpy.o)
 .ARM.attributes
                0x000000000000071a       0x33 /Applications/MCUXpressoIDE_10.1.1_606/ide/tools/bin/../lib/gcc/arm-none-eabi/6.3.1/../../../../arm-none-eabi/lib/thumb/v7-m/libcr_semihost.a(__ciob.o)
 .ARM.attributes
                0x000000000000074d       0x21 /Applications/MCUXpressoIDE_10.1.1_606/ide/tools/bin/../lib/gcc/arm-none-eabi/6.3.1/../../../../arm-none-eabi/lib/thumb/v7-m/libcr_semihost.a(__sys_appexit.o)
 .ARM.attributes
                0x000000000000076e       0x21 /Applications/MCUXpressoIDE_10.1.1_606/ide/tools/bin/../lib/gcc/arm-none-eabi/6.3.1/../../../../arm-none-eabi/lib/thumb/v7-m/libcr_semihost.a(__sys_close.o)
 .ARM.attributes
                0x000000000000078f       0x21 /Applications/MCUXpressoIDE_10.1.1_606/ide/tools/bin/../lib/gcc/arm-none-eabi/6.3.1/../../../../arm-none-eabi/lib/thumb/v7-m/libcr_semihost.a(__sys_flen.o)
 .ARM.attributes
                0x00000000000007b0       0x21 /Applications/MCUXpressoIDE_10.1.1_606/ide/tools/bin/../lib/gcc/arm-none-eabi/6.3.1/../../../../arm-none-eabi/lib/thumb/v7-m/libcr_semihost.a(__sys_istty.o)
 .ARM.attributes
                0x00000000000007d1       0x21 /Applications/MCUXpressoIDE_10.1.1_606/ide/tools/bin/../lib/gcc/arm-none-eabi/6.3.1/../../../../arm-none-eabi/lib/thumb/v7-m/libcr_semihost.a(__sys_remove.o)
 .ARM.attributes
                0x00000000000007f2       0x21 /Applications/MCUXpressoIDE_10.1.1_606/ide/tools/bin/../lib/gcc/arm-none-eabi/6.3.1/../../../../arm-none-eabi/lib/thumb/v7-m/libcr_semihost.a(__sys_seek.o)
 .ARM.attributes
                0x0000000000000813       0x21 /Applications/MCUXpressoIDE_10.1.1_606/ide/tools/bin/../lib/gcc/arm-none-eabi/6.3.1/../../../../arm-none-eabi/lib/thumb/v7-m/libcr_semihost.a(__sys_time.o)
 .ARM.attributes
                0x0000000000000834       0x21 /Applications/MCUXpressoIDE_10.1.1_606/ide/tools/bin/../lib/gcc/arm-none-eabi/6.3.1/../../../../arm-none-eabi/lib/thumb/v7-m/libcr_semihost.a(__sys_tmpnam.o)
 .ARM.attributes
                0x0000000000000855       0x21 /Applications/MCUXpressoIDE_10.1.1_606/ide/tools/bin/../lib/gcc/arm-none-eabi/6.3.1/../../../../arm-none-eabi/lib/thumb/v7-m/libcr_semihost.a(__sys_write.o)

.debug_frame    0x0000000000000000      0x5a0
 .debug_frame   0x0000000000000000      0x170 ./src/cr_startup_lpc175x_6x.o
 .debug_frame   0x0000000000000170      0x284 ./src/drawTree.o
 .debug_frame   0x00000000000003f4      0x170 ./src/ssp.o
 .debug_frame   0x0000000000000564       0x3c /Users/Jerry/MCUXpressoIDE/workspace/CMSIS_CORE_LPC17xx/Debug/libCMSIS_CORE_LPC17xx.a(system_LPC17xx.o)
